// Jest Snapshot v1, https://goo.gl/fbAQLP

exports[`Delegations Page should render correctly 1`] = `
<Connect(LayoutMainContainer)
  title="My dashboard"
>
  <ButtonLink
    className="primary"
    href="/delegations/manage"
    iconSize={20}
    text="Manage delegations"
  />
</Connect(LayoutMainContainer)>
`;
