// Jest Snapshot v1, https://goo.gl/fbAQLP

exports[`Create Delegation Page should render correctly 1`] = `
<Connect(LayoutMainContainer)
  title="Create delegation"
>
  <div
    className="container create-delegation-card m-auto pb-4"
  >
    <Card
      title="Delegation information"
    >
      <Form
        id="create-delegation"
        onSubmit={[MockFunction]}
      >
        <Input
          component="typeahead"
          isSearchable={true}
          label="Destination Country"
          name="destinationCountryISO3"
          validate={
            Array [
              [Function],
            ]
          }
        />
        <Input
          component="input"
          label="Destination Location"
          name="destinationLocation"
          placeholder="I'm going to..."
          validate={[Function]}
        />
        <Input
          component="input"
          label="Delegation Objective"
          name="delegationObjective"
          placeholder="I want to..."
          validate={[Function]}
        />
        <div
          className="d-flex justify-content-around flex-wrap"
        >
          <Input
            classes="w-auto"
            component="datepicker"
            label="Start date"
            name="startDate"
            validate={
              Array [
                [Function],
              ]
            }
          />
          <Input
            classes="w-auto"
            component="datepicker"
            label="End date"
            name="endDate"
            validate={
              Array [
                [Function],
                [Function],
              ]
            }
          />
        </div>
        <div
          className="d-flex justify-content-center btn-create-delegation"
        >
          <Button
            text="Create delegation"
            type="submit"
          />
        </div>
      </Form>
    </Card>
  </div>
</Connect(LayoutMainContainer)>
`;
