// Jest Snapshot v1, https://goo.gl/fbAQLP

exports[`Create Delegation Page should render correctly 1`] = `
<Connect(LayoutMainContainer)
  title="Create delegation"
>
  <div
    className="create-delegation-card m-auto pb-4"
  >
    <Card
      number="1"
      title="Delegation information"
    >
      <Form
        id="create-delegation"
        onSubmit={[MockFunction]}
      >
        <div
          className="container"
        >
          <label
            className="label-delegation-page"
            htmlFor="destinationCountryISO3"
          >
            Destination Country:
          </label>
          <Field
            component={[Function]}
            isSearchable={true}
            name="destinationCountryISO3"
            validate={
              Array [
                [Function],
              ]
            }
          />
          <Input
            label="Destination Location"
            name="destinationLocation"
            placeholder="Destination Location"
            validate={[Function]}
          />
          <Input
            label="Delegation Objective"
            name="delegationObjective"
            placeholder="Delegation Objective"
            validate={[Function]}
          />
          <div
            className="date-pickers-container"
          >
            <div
              className="date-picker"
            >
              <label
                className="label-delegation-page"
                htmlFor="startDate"
              >
                Start date:
              </label>
              <Field
                component={[Function]}
                name="startDate"
                validate={
                  Array [
                    [Function],
                  ]
                }
              />
            </div>
            <div
              className="date-picker"
            >
              <label
                className="label-delegation-page"
                htmlFor="endDate"
              >
                End date:
              </label>
              <Field
                component={[Function]}
                name="endDate"
                validate={
                  Array [
                    [Function],
                  ]
                }
              />
            </div>
            <div
              className="btn-create-delegation"
            >
              <Button
                text="Create delegation"
                type="submit"
              />
            </div>
          </div>
        </div>
      </Form>
    </Card>
  </div>
</Connect(LayoutMainContainer)>
`;
