// Jest Snapshot v1, https://goo.gl/fbAQLP

exports[`Input Component should render Input correctly 1`] = `
<div
  className=" "
>
  <div>
    <label
      htmlFor="input_testName"
    >
      testLabel
    </label>
    <Field
      className="input"
      component={[Function]}
      id="input_testName"
      label=""
      name="testName"
      type="text"
      validate={null}
    />
  </div>
</div>
`;
