// Jest Snapshot v1, https://goo.gl/fbAQLP

exports[`Input Component should render Input correctly 1`] = `
<div
  className=" "
>
  <div>
    <label
      className=" "
    >
      <span
        data-test="label-value"
      >
        testLabel
      </span>
      <Field
        className="input"
        component={[Function]}
        disabled={false}
        label=""
        minlength={0}
        name="testName"
        type="text"
        validate={null}
        value=""
      />
    </label>
  </div>
</div>
`;
