// Jest Snapshot v1, https://goo.gl/fbAQLP

exports[`Create Login Page should render correctly 1`] = `
<Connect(LayoutMainContainer)
  fullContent={true}
  hideTitle={true}
  title="Sign in"
>
  <div
    id="login-screen"
    style={
      Object {
        "backgroundImage": "url(test-file-stub)",
      }
    }
  >
    <div
      className="login-container"
    >
      <h1
        className="title-text"
      >
        Nice to see you again!
      </h1>
      <Form
        className="form-container"
        onSubmit={[MockFunction]}
      >
        <span
          style={
            Object {
              "color": "red",
            }
          }
        />
        <Input
          component="input"
          label="Login *"
          name="login"
          placeholder="Username"
          validate={[Function]}
        />
        <Input
          component="input"
          label="Password *"
          name="password"
          placeholder="Password"
          type="password"
          validate={[Function]}
        />
        <Button
          text="sign in"
          type="submit"
        />
      </Form>
    </div>
  </div>
</Connect(LayoutMainContainer)>
`;
