// Jest Snapshot v1, https://goo.gl/fbAQLP

exports[`Create Login Page should render correctly 1`] = `
<Connect(LayoutMainContainer)
  addPadding={false}
  hideSidebar={true}
>
  <div
    id="login-screen"
  >
    <div
      className="login-container"
    >
      <h1
        className="title-text"
      >
        Nice to see you again!
      </h1>
      <Form
        className="form-container"
        onSubmit={[MockFunction]}
      >
        <span
          style={
            Object {
              "color": "red",
            }
          }
        />
        <Input
          className="input-login"
          name="login"
          onChange={[Function]}
          placeholder="Username"
          validate={[Function]}
        />
        <Input
          className="input-login"
          name="password"
          onChange={[Function]}
          placeholder="Password"
          type="password"
          validate={[Function]}
        />
        <Button
          text="sign in"
          type="submit"
        />
      </Form>
    </div>
  </div>
</Connect(LayoutMainContainer)>
`;
